

================================================================
== Vitis HLS Report for 'kernel'
================================================================
* Date:           Mon Jan  6 16:50:51 2025

* Version:        2023.2 (Build 4023990 on Oct 11 2023)
* Project:        raiz
* Solution:       solution1 (Vivado IP Flow Target)
* Product family: artix7
* Target device:  xc7a200t-fbg484-3


================================================================
== Performance Estimates
================================================================
+ Timing: 
    * Summary: 
    +--------+----------+----------+------------+
    |  Clock |  Target  | Estimated| Uncertainty|
    +--------+----------+----------+------------+
    |ap_clk  |  10.00 ns|  5.688 ns|     2.70 ns|
    +--------+----------+----------+------------+

+ Latency: 
    * Summary: 
    +---------+---------+----------+----------+-----+-----+---------+
    |  Latency (cycles) |  Latency (absolute) |  Interval | Pipeline|
    |   min   |   max   |    min   |    max   | min | max |   Type  |
    +---------+---------+----------+----------+-----+-----+---------+
    |        ?|        ?|         ?|         ?|    ?|    ?|       no|
    +---------+---------+----------+----------+-----+-----+---------+

    + Detail: 
        * Instance: 
        N/A

        * Loop: 
        +-------------------+---------+---------+----------+-----------+-----------+------+----------+
        |                   |  Latency (cycles) | Iteration|  Initiation Interval  | Trip |          |
        |     Loop Name     |   min   |   max   |  Latency |  achieved |   target  | Count| Pipelined|
        +-------------------+---------+---------+----------+-----------+-----------+------+----------+
        |- VITIS_LOOP_25_1  |        ?|        ?|         1|          1|          1|     ?|       yes|
        +-------------------+---------+---------+----------+-----------+-----------+------+----------+



================================================================
== Utilization Estimates
================================================================
* Summary: 
+-----------------+---------+-----+--------+--------+-----+
|       Name      | BRAM_18K| DSP |   FF   |   LUT  | URAM|
+-----------------+---------+-----+--------+--------+-----+
|DSP              |        -|    -|       -|       -|    -|
|Expression       |        -|    -|       0|     181|    -|
|FIFO             |        -|    -|       -|       -|    -|
|Instance         |        -|    -|       -|       -|    -|
|Memory           |        -|    -|       -|       -|    -|
|Multiplexer      |        -|    -|       -|      72|    -|
|Register         |        -|    -|      98|       -|    -|
+-----------------+---------+-----+--------+--------+-----+
|Total            |        0|    0|      98|     253|    0|
+-----------------+---------+-----+--------+--------+-----+
|Available        |      730|  740|  269200|  134600|    0|
+-----------------+---------+-----+--------+--------+-----+
|Utilization (%)  |        0|    0|      ~0|      ~0|    0|
+-----------------+---------+-----+--------+--------+-----+

+ Detail: 
    * Instance: 
    N/A

    * DSP: 
    N/A

    * Memory: 
    N/A

    * FIFO: 
    N/A

    * Expression: 
    +--------------------+----------+----+---+----+------------+------------+
    |    Variable Name   | Operation| DSP| FF| LUT| Bitwidth P0| Bitwidth P1|
    +--------------------+----------+----+---+----+------------+------------+
    |add_ln28_fu_94_p2   |         +|   0|  0|  32|          32|           2|
    |root_1_fu_82_p2     |         +|   0|  0|  39|          32|           1|
    |square_3_fu_100_p2  |         +|   0|  0|  32|          32|          32|
    |sum_2_3_fu_88_p2    |         +|   0|  0|  39|          32|           2|
    |icmp_ln25_fu_73_p2  |      icmp|   0|  0|  39|          32|          32|
    +--------------------+----------+----+---+----+------------+------------+
    |Total               |          |   0|  0| 181|         160|          69|
    +--------------------+----------+----+---+----+------------+------------+

    * Multiplexer: 
    +------------------------------+----+-----------+-----+-----------+
    |             Name             | LUT| Input Size| Bits| Total Bits|
    +------------------------------+----+-----------+-----+-----------+
    |ap_done_int                   |   9|          2|    1|          2|
    |ap_sig_allocacmp_root_load    |   9|          2|   32|         64|
    |ap_sig_allocacmp_root_load_1  |   9|          2|   32|         64|
    |ap_sig_allocacmp_square_2     |   9|          2|   32|         64|
    |ap_sig_allocacmp_sum_2_2      |   9|          2|   32|         64|
    |root_fu_38                    |   9|          2|   32|         64|
    |square_fu_34                  |   9|          2|   32|         64|
    |sum_2_fu_42                   |   9|          2|   32|         64|
    +------------------------------+----+-----------+-----+-----------+
    |Total                         |  72|         16|  225|        450|
    +------------------------------+----+-----------+-----+-----------+

    * Register: 
    +--------------+----+----+-----+-----------+
    |     Name     | FF | LUT| Bits| Const Bits|
    +--------------+----+----+-----+-----------+
    |ap_CS_fsm     |   1|   0|    1|          0|
    |ap_done_reg   |   1|   0|    1|          0|
    |root_fu_38    |  32|   0|   32|          0|
    |square_fu_34  |  32|   0|   32|          0|
    |sum_2_fu_42   |  32|   0|   32|          0|
    +--------------+----+----+-----+-----------+
    |Total         |  98|   0|   98|          0|
    +--------------+----+----+-----+-----------+



================================================================
== Interface
================================================================
* Summary: 
+-----------+-----+-----+------------+--------------+--------------+
| RTL Ports | Dir | Bits|  Protocol  | Source Object|    C Type    |
+-----------+-----+-----+------------+--------------+--------------+
|ap_clk     |   in|    1|  ap_ctrl_hs|        kernel|  return value|
|ap_rst     |   in|    1|  ap_ctrl_hs|        kernel|  return value|
|ap_start   |   in|    1|  ap_ctrl_hs|        kernel|  return value|
|ap_done    |  out|    1|  ap_ctrl_hs|        kernel|  return value|
|ap_idle    |  out|    1|  ap_ctrl_hs|        kernel|  return value|
|ap_ready   |  out|    1|  ap_ctrl_hs|        kernel|  return value|
|ap_return  |  out|   32|  ap_ctrl_hs|        kernel|  return value|
|input_r    |   in|   32|     ap_none|       input_r|        scalar|
+-----------+-----+-----+------------+--------------+--------------+

