Hinst Name                        Module Name          Inst Count           Total Area               Buffer             Inverter        Combinational                 Flop                Latch           Clock Gate                Macro             Physical
-----------------------------------------------------------------------------------------------------------------------------------------------------------------------------------------------------------------------------------------------------------------------
cla_16bits                                                    377             2522.419               35.034              190.182             1485.174                0.000                0.000                0.000                0.000              812.029
  C0                              carry                         1                7.507                0.000                0.000                7.507                0.000                0.000                0.000                0.000                0.000
  C1                              carry_97                      1                7.507                0.000                0.000                7.507                0.000                0.000                0.000                0.000                0.000
  C10                             carry_88                      3               13.763                0.000                3.754               10.010                0.000                0.000                0.000                0.000                0.000
  C11                             carry_87                      1                7.507                0.000                0.000                7.507                0.000                0.000                0.000                0.000                0.000
  C12                             carry_86                      1                7.507                0.000                0.000                7.507                0.000                0.000                0.000                0.000                0.000
  C13                             carry_85                      3               13.763                0.000                3.754               10.010                0.000                0.000                0.000                0.000                0.000
  C14                             carry_84                      2               20.019                0.000                0.000               20.019                0.000                0.000                0.000                0.000                0.000
  C15                             carry_83                      1                8.758                0.000                0.000                8.758                0.000                0.000                0.000                0.000                0.000
  C2                              carry_96                      1                7.507                0.000                0.000                7.507                0.000                0.000                0.000                0.000                0.000
  C3                              carry_95                      1                7.507                0.000                0.000                7.507                0.000                0.000                0.000                0.000                0.000
  C4                              carry_94                      1                7.507                0.000                0.000                7.507                0.000                0.000                0.000                0.000                0.000
  C5                              carry_93                      1                7.507                0.000                0.000                7.507                0.000                0.000                0.000                0.000                0.000
  C6                              carry_92                      2               17.517                0.000                0.000               17.517                0.000                0.000                0.000                0.000                0.000
  C7                              carry_91                      1                7.507                0.000                0.000                7.507                0.000                0.000                0.000                0.000                0.000
  C8                              carry_90                      1                7.507                0.000                0.000                7.507                0.000                0.000                0.000                0.000                0.000
  C9                              carry_89                      3               16.266                0.000                3.754               12.512                0.000                0.000                0.000                0.000                0.000
  CLA1                            cla4x3                       11               80.077                0.000                3.754               76.323                0.000                0.000                0.000                0.000                0.000
  CLA2                            cla4x3_104                   11               78.826                0.000                8.758               70.067                0.000                0.000                0.000                0.000                0.000
  CLA3                            cla4x3_103                   11               75.072                0.000                7.507               67.565                0.000                0.000                0.000                0.000                0.000
  CLA4                            cla4x3_102                    6               46.294                0.000                0.000               46.294                0.000                0.000                0.000                0.000                0.000
  CLA5                            cla4x3_101                   12               81.328                0.000               12.512               68.816                0.000                0.000                0.000                0.000                0.000
  CLA6                            cla4x3_100                   12               81.328                0.000                3.754               77.574                0.000                0.000                0.000                0.000                0.000
  CLA7                            cla4x3_99                    13               86.333                0.000               11.261               75.072                0.000                0.000                0.000                0.000                0.000
  CLA8                            cla4x3_98                     9               60.058                0.000               11.261               48.797                0.000                0.000                0.000                0.000                0.000
  GENERATE_PROPAGATE[0].GENERATE  generate_i                    3               11.261                0.000                7.507                3.754                0.000                0.000                0.000                0.000                0.000
  GENERATE_PROPAGATE[0].PROPAGATE propagate_i                   5               26.275                0.000                7.507               18.768                0.000                0.000                0.000                0.000                0.000
  GENERATE_PROPAGATE[10].GENERATE generate_i_110                1                6.256                0.000                0.000                6.256                0.000                0.000                0.000                0.000                0.000
  GENERATE_PROPAGATE[10].PROPAGATE propagate_i_125               5               26.275                0.000                7.507               18.768                0.000                0.000                0.000                0.000                0.000
  GENERATE_PROPAGATE[11].GENERATE generate_i_109                1                6.256                0.000                0.000                6.256                0.000                0.000                0.000                0.000                0.000
  GENERATE_PROPAGATE[11].PROPAGATE propagate_i_124               2               23.773                0.000                3.754               20.019                0.000                0.000                0.000                0.000                0.000
  GENERATE_PROPAGATE[12].GENERATE generate_i_108                1                6.256                0.000                0.000                6.256                0.000                0.000                0.000                0.000                0.000
  GENERATE_PROPAGATE[12].PROPAGATE propagate_i_123               1               25.024                0.000                0.000               25.024                0.000                0.000                0.000                0.000                0.000
  GENERATE_PROPAGATE[13].GENERATE generate_i_107                1                6.256                0.000                0.000                6.256                0.000                0.000                0.000                0.000                0.000
  GENERATE_PROPAGATE[13].PROPAGATE propagate_i_122               1               25.024                0.000                0.000               25.024                0.000                0.000                0.000                0.000                0.000
  GENERATE_PROPAGATE[14].GENERATE generate_i_106                1                6.256                0.000                0.000                6.256                0.000                0.000                0.000                0.000                0.000
  GENERATE_PROPAGATE[14].PROPAGATE propagate_i_121               1               16.266                0.000                0.000               16.266                0.000                0.000                0.000                0.000                0.000
  GENERATE_PROPAGATE[15].GENERATE generate_i_105                1                6.256                0.000                0.000                6.256                0.000                0.000                0.000                0.000                0.000
  GENERATE_PROPAGATE[15].PROPAGATE propagate_i_120               1                8.758                0.000                0.000                8.758                0.000                0.000                0.000                0.000                0.000
  GENERATE_PROPAGATE[1].GENERATE  generate_i_119                1                8.758                0.000                0.000                8.758                0.000                0.000                0.000                0.000                0.000
  GENERATE_PROPAGATE[1].PROPAGATE propagate_i_134               5               31.280                0.000                7.507               23.773                0.000                0.000                0.000                0.000                0.000
  GENERATE_PROPAGATE[2].GENERATE  generate_i_118                3               11.261                0.000                7.507                3.754                0.000                0.000                0.000                0.000                0.000
  GENERATE_PROPAGATE[2].PROPAGATE propagate_i_133               5               21.270                0.000                7.507               13.763                0.000                0.000                0.000                0.000                0.000
  GENERATE_PROPAGATE[3].GENERATE  generate_i_117                1                6.256                0.000                0.000                6.256                0.000                0.000                0.000                0.000                0.000
  GENERATE_PROPAGATE[3].PROPAGATE propagate_i_132               5               21.270                0.000                7.507               13.763                0.000                0.000                0.000                0.000                0.000
  GENERATE_PROPAGATE[4].GENERATE  generate_i_116                1                8.758                0.000                0.000                8.758                0.000                0.000                0.000                0.000                0.000
  GENERATE_PROPAGATE[4].PROPAGATE propagate_i_131               1               27.526                0.000                0.000               27.526                0.000                0.000                0.000                0.000                0.000
  GENERATE_PROPAGATE[5].GENERATE  generate_i_115                1                6.256                0.000                0.000                6.256                0.000                0.000                0.000                0.000                0.000
  GENERATE_PROPAGATE[5].PROPAGATE propagate_i_130               5               21.270                0.000                7.507               13.763                0.000                0.000                0.000                0.000                0.000
  GENERATE_PROPAGATE[6].GENERATE  generate_i_114                1                6.256                0.000                0.000                6.256                0.000                0.000                0.000                0.000                0.000
  GENERATE_PROPAGATE[6].PROPAGATE propagate_i_129               4               30.029                0.000                3.754               26.275                0.000                0.000                0.000                0.000                0.000
  GENERATE_PROPAGATE[7].GENERATE  generate_i_113                1                6.256                0.000                0.000                6.256                0.000                0.000                0.000                0.000                0.000
  GENERATE_PROPAGATE[7].PROPAGATE propagate_i_128               4               32.531                0.000                3.754               28.778                0.000                0.000                0.000                0.000                0.000
  GENERATE_PROPAGATE[8].GENERATE  generate_i_112                1                6.256                0.000                0.000                6.256                0.000                0.000                0.000                0.000                0.000
  GENERATE_PROPAGATE[8].PROPAGATE propagate_i_127               3               18.768                0.000                0.000               18.768                0.000                0.000                0.000                0.000                0.000
  GENERATE_PROPAGATE[9].GENERATE  generate_i_111                1                6.256                0.000                0.000                6.256                0.000                0.000                0.000                0.000                0.000
  GENERATE_PROPAGATE[9].PROPAGATE propagate_i_126               4               30.029                0.000                3.754               26.275                0.000                0.000                0.000                0.000                0.000
  S0                              soutput                       1                8.758                0.000                0.000                8.758                0.000                0.000                0.000                0.000                0.000
  S1                              soutput_149                   1               12.512                0.000                0.000               12.512                0.000                0.000                0.000                0.000                0.000
  S10                             soutput_140                   3               42.541                0.000                0.000               42.541                0.000                0.000                0.000                0.000                0.000
  S11                             soutput_139                   3               42.541                0.000                0.000               42.541                0.000                0.000                0.000                0.000                0.000
  S12                             soutput_138                   2               15.014                0.000                3.754               11.261                0.000                0.000                0.000                0.000                0.000
  S13                             soutput_137                   3               23.773                0.000                0.000               23.773                0.000                0.000                0.000                0.000                0.000
  S14                             soutput_136                   5               45.043                0.000                7.507               37.536                0.000                0.000                0.000                0.000                0.000
  S15                             soutput_135                   4               51.299                0.000                6.256               45.043                0.000                0.000                0.000                0.000                0.000
  S2                              soutput_148                   1               12.512                0.000                0.000               12.512                0.000                0.000                0.000                0.000                0.000
  S3                              soutput_147                   1               12.512                0.000                0.000               12.512                0.000                0.000                0.000                0.000                0.000
  S4                              soutput_146                   1               12.512                0.000                0.000               12.512                0.000                0.000                0.000                0.000                0.000
  S5                              soutput_145                   4               25.024                0.000                3.754               21.270                0.000                0.000                0.000                0.000                0.000
  S6                              soutput_144                   2               23.773                0.000                3.754               20.019                0.000                0.000                0.000                0.000                0.000
  S7                              soutput_143                   4               45.043                0.000                5.005               40.038                0.000                0.000                0.000                0.000                0.000
  S8                              soutput_142                   2               15.014                0.000                3.754               11.261                0.000                0.000                0.000                0.000                0.000
  S9                              soutput_141                   4               25.024                0.000                3.754               21.270                0.000                0.000                0.000                0.000                0.000
